This is pdfTeX, Version 3.141592653-2.6-1.40.29 (TeX Live 2026) (preloaded format=pdflatex 2026.5.3)  24 MAY 2026 16:57
entering extended mode
 restricted \write18 enabled.
 %&-line parsing enabled.
**offline.tex
(./offline.tex
LaTeX2e <2025-11-01>
L3 programming layer <2026-03-20>
(c:/texlive/2026/texmf-dist/tex/latex/base/article.cls
Document Class: article 2025/01/22 v1.4n Standard LaTeX document class
(c:/texlive/2026/texmf-dist/tex/latex/base/size10.clo
File: size10.clo 2025/01/22 v1.4n Standard LaTeX file (size option)
)
\c@part=\count275
\c@section=\count276
\c@subsection=\count277
\c@subsubsection=\count278
\c@paragraph=\count279
\c@subparagraph=\count280
\c@figure=\count281
\c@table=\count282
\abovecaptionskip=\skip49
\belowcaptionskip=\skip50
\bibindent=\dimen150
)
(c:/texlive/2026/texmf-dist/tex/latex/minted/minted.sty
Package: minted 2026/03/03 v3.8.0 Yet another Pygments shim for LaTeX

(c:/texlive/2026/texmf-dist/tex/generic/catchfile/catchfile.sty
Package: catchfile 2019/12/09 v1.8 Catch the contents of a file (HO)

(c:/texlive/2026/texmf-dist/tex/generic/infwarerr/infwarerr.sty
Package: infwarerr 2019/12/03 v1.5 Providing info/warning/error messages (HO)
)
(c:/texlive/2026/texmf-dist/tex/generic/ltxcmds/ltxcmds.sty
Package: ltxcmds 2023-12-04 v1.26 LaTeX kernel commands for general use (HO)
)
(c:/texlive/2026/texmf-dist/tex/generic/etexcmds/etexcmds.sty
Package: etexcmds 2019/12/15 v1.7 Avoid name clashes with e-TeX commands (HO)

(c:/texlive/2026/texmf-dist/tex/generic/iftex/iftex.sty
Package: iftex 2024/12/12 v1.0g TeX engine tests
)))
(c:/texlive/2026/texmf-dist/tex/latex/etoolbox/etoolbox.sty
Package: etoolbox 2025/10/02 v2.5m e-TeX tools for LaTeX (JAW)
\etb@tempcnta=\count283
)
(c:/texlive/2026/texmf-dist/tex/latex/fvextra/fvextra.sty
Package: fvextra 2026/02/25 v1.14.0 fvextra - extensions and patches for fancyv
rb

(c:/texlive/2026/texmf-dist/tex/latex/fancyvrb/fancyvrb.sty
Package: fancyvrb 2026/04/16 4.6a verbatim text (tvz,hv)

(c:/texlive/2026/texmf-dist/tex/latex/graphics/keyval.sty
Package: keyval 2022/05/29 v1.15 key=value parser (DPC)
\KV@toks@=\toks17
)
\FV@CodeLineNo=\count284
\FV@InFile=\read2
\FV@TabBox=\box53
\c@FancyVerbLine=\count285
\FV@StepNumber=\count286
\FV@OutFile=\write3
)
(c:/texlive/2026/texmf-dist/tex/latex/upquote/upquote.sty
Package: upquote 2012/04/19 v1.3 upright-quote and grave-accent glyphs in verba
tim
)
(c:/texlive/2026/texmf-dist/tex/latex/lineno/lineno.sty
Package: lineno 2026/03/08 line numbers on paragraphs v5.9

(c:/texlive/2026/texmf-dist/tex/latex/kvoptions/kvoptions.sty
Package: kvoptions 2022-06-15 v3.15 Key value format for package options (HO)

(c:/texlive/2026/texmf-dist/tex/latex/kvsetkeys/kvsetkeys.sty
Package: kvsetkeys 2022-10-05 v1.19 Key value parser (HO)
))
\linenopenalty=\count287
\output=\toks18
\linenoprevgraf=\count288
\linenumbersep=\dimen151
\linenumberwidth=\dimen152
\c@linenumber=\count289
\c@pagewiselinenumber=\count290
\c@LN@truepage=\count291
\c@internallinenumber=\count292
\c@internallinenumbers=\count293
\quotelinenumbersep=\dimen153
\bframerule=\dimen154
\bframesep=\dimen155
\bframebox=\box54
)
\c@FancyVerbWriteLine=\count294
\c@FancyVerbBufferLine=\count295
\c@FV@TrueTabGroupLevel=\count296
\c@FV@TrueTabCounter=\count297
\FV@TabBox@Group=\box55
\FV@bgcolorstructbox=\box56
\FV@TmpLength=\skip51
\c@FV@HighlightLinesStart=\count298
\c@FV@HighlightLinesStop=\count299
\FV@LoopCount=\count300
\FV@NCharsBox=\box57
\FV@BreakIndent=\dimen156
\FV@BreakIndentNChars=\count301
\FV@BreakSymbolSepLeft=\dimen157
\FV@BreakSymbolSepLeftNChars=\count302
\FV@BreakSymbolSepRight=\dimen158
\FV@BreakSymbolSepRightNChars=\count303
\FV@BreakSymbolIndentLeft=\dimen159
\FV@BreakSymbolIndentLeftNChars=\count304
\FV@BreakSymbolIndentRight=\dimen160
\FV@BreakSymbolIndentRightNChars=\count305
\c@FancyVerbLineBreakLast=\count306
\FV@LineBox=\box58
\FV@LineIndentBox=\box59
\c@FV@BreakBufferDepth=\count307
\FV@LineWidth=\dimen161
)
(c:/texlive/2026/texmf-dist/tex/latex/latex2pydata/latex2pydata.sty
Package: latex2pydata 2026/02/25 v0.7.0 latex2pydata - write data to file in Py
thon literal format
)
(c:/texlive/2026/texmf-dist/tex/latex/pgf/utilities/pgfkeys.sty
(c:/texlive/2026/texmf-dist/tex/generic/pgf/utilities/pgfkeys.code.tex
\pgfkeys@pathtoks=\toks19
\pgfkeys@temptoks=\toks20

(c:/texlive/2026/texmf-dist/tex/generic/pgf/utilities/pgfkeyslibraryfiltered.co
de.tex
\pgfkeys@tmptoks=\toks21
))) (c:/texlive/2026/texmf-dist/tex/latex/pgfopts/pgfopts.sty
Package: pgfopts 2014/07/10 v2.1a LaTeX package options with pgfkeys
\pgfopts@list@add@a@toks=\toks22
\pgfopts@list@add@b@toks=\toks23
)
(c:/texlive/2026/texmf-dist/tex/latex/tools/shellesc.sty
Package: shellesc 2023/07/08 v1.0d unified shell escape interface for LaTeX
Package shellesc Info: Restricted shell escape enabled on input line 77.
)
(c:/texlive/2026/texmf-dist/tex/latex/float/float.sty
Package: float 2001/11/08 v1.3d Float enhancements (AL)
\c@float@type=\count308
\float@exts=\toks24
\float@box=\box60
\@float@everytoks=\toks25
\@floatcapt=\box61
)
\c@minted@FancyVerbLineTemp=\count309
\@float@every@listing=\toks26
\c@listing=\count310
)
(c:/texlive/2026/texmf-dist/tex/latex/xcolor/xcolor.sty
Package: xcolor 2024/09/29 v3.02 LaTeX color extensions (UK)

(c:/texlive/2026/texmf-dist/tex/latex/graphics-cfg/color.cfg
File: color.cfg 2016/01/02 v1.6 sample color configuration
)
Package xcolor Info: Driver file: pdftex.def on input line 274.

(c:/texlive/2026/texmf-dist/tex/latex/graphics-def/pdftex.def
File: pdftex.def 2025/09/29 v1.2d Graphics/color driver for pdftex
)
(c:/texlive/2026/texmf-dist/tex/latex/graphics/mathcolor.ltx)
Package xcolor Info: Model `cmy' substituted by `cmy0' on input line 1349.
Package xcolor Info: Model `hsb' substituted by `rgb' on input line 1353.
Package xcolor Info: Model `RGB' extended on input line 1365.
Package xcolor Info: Model `HTML' substituted by `rgb' on input line 1367.
Package xcolor Info: Model `Hsb' substituted by `hsb' on input line 1368.
Package xcolor Info: Model `tHsb' substituted by `hsb' on input line 1369.
Package xcolor Info: Model `HSB' substituted by `hsb' on input line 1370.
Package xcolor Info: Model `Gray' substituted by `gray' on input line 1371.
Package xcolor Info: Model `wave' substituted by `hsb' on input line 1372.
)
(c:/texlive/2026/texmf-dist/tex/latex/l3backend/l3backend-pdftex.def
File: l3backend-pdftex.def 2026-02-18 L3 backend support: PDF output (pdfTeX)
\l__color_backend_stack_int=\count311
)
(./offline.aux)
\openout1 = `offline.aux'.

LaTeX Font Info:    Checking defaults for OML/cmm/m/it on input line 8.
LaTeX Font Info:    ... okay on input line 8.
LaTeX Font Info:    Checking defaults for OMS/cmsy/m/n on input line 8.
LaTeX Font Info:    ... okay on input line 8.
LaTeX Font Info:    Checking defaults for OT1/cmr/m/n on input line 8.
LaTeX Font Info:    ... okay on input line 8.
LaTeX Font Info:    Checking defaults for T1/cmr/m/n on input line 8.
LaTeX Font Info:    ... okay on input line 8.
LaTeX Font Info:    Checking defaults for TS1/cmr/m/n on input line 8.
LaTeX Font Info:    ... okay on input line 8.
LaTeX Font Info:    Checking defaults for OMX/cmex/m/n on input line 8.
LaTeX Font Info:    ... okay on input line 8.
LaTeX Font Info:    Checking defaults for U/cmr/m/n on input line 8.
LaTeX Font Info:    ... okay on input line 8.
 (c:/texlive/2026/texmf-dist/tex/context/base/mkii/supp-pdf.mkii
[Loading MPS to PDF converter (version 2006.09.02).]
\scratchcounter=\count312
\scratchdimen=\dimen162
\scratchbox=\box62
\nofMPsegments=\count313
\nofMParguments=\count314
\everyMPshowfont=\toks27
\MPscratchCnt=\count315
\MPscratchDim=\dimen163
\MPnumerator=\count316
\makeMPintoPDFobject=\count317
\everyMPtoPDFconversion=\toks28
)
LaTeX Font Info:    External font `cmex10' loaded for size
(Font)              <12> on input line 10.
LaTeX Font Info:    External font `cmex10' loaded for size
(Font)              <8> on input line 10.
LaTeX Font Info:    External font `cmex10' loaded for size
(Font)              <6> on input line 10.


LaTeX Warning: Citation `captureAvoiding' on page 1 undefined on input line 18.


\pydata@fh@0=\write4
\openout4 = `_27A21354321DFBC28F0CB17B995BB9CA.data.minted'.

runsystem(latexminted config  --timestamp 20260524165742 27A21354321DFBC28F0CB1
7B995BB9CA)...executed safely (allowed).

(./_27A21354321DFBC28F0CB17B995BB9CA.config.minted)
runsystem(latexminted cleanconfig  --timestamp 20260524165742 27A21354321DFBC28
F0CB17B995BB9CA)...executed safely (allowed).


(./_minted/default.style.minted)
\openout4 = `_27A21354321DFBC28F0CB17B995BB9CA.data.minted'.

runsystem(latexminted highlight  --timestamp 20260524165742 27A21354321DFBC28F0
CB17B995BB9CA)...executed safely (allowed).


(./_minted/CEBF555CD28FFABFB569BD3B4AF74D0B.highlight.minted
LaTeX Font Info:    Font shape `OT1/cmtt/bx/n' in size <10> not available
(Font)              Font shape `OT1/cmtt/m/n' tried instead on input line 3.
)
! FancyVerb Error:
  Extraneous input `ata Lam = Var String' between \begin{minted}[<key=value>] a
nd line end
.
\FV@Error ... {FancyVerb Error:
\space \space #1
}
                                                  
l.31 		data Lam = Var String
                            
This input will be discarded. Hit <return> to continue.

\openout4 = `_27A21354321DFBC28F0CB17B995BB9CA.data.minted'.

runsystem(latexminted highlight  --timestamp 20260524165742 27A21354321DFBC28F0
CB17B995BB9CA)...executed safely (allowed).

(./_minted/7C9F675852C4CE1F89A46B7DB067ABD4.highlight.minted)
LaTeX Font Info:    External font `cmex10' loaded for size
(Font)              <7> on input line 45.
LaTeX Font Info:    External font `cmex10' loaded for size
(Font)              <5> on input line 45.

(./_minted/CEBF555CD28FFABFB569BD3B4AF74D0B.highlight.minted)

LaTeX Warning: Citation `atkey2009unembedding' on page 1 undefined on input lin
e 49.

[1

{c:/texlive/2026/texmf-var/fonts/map/pdftex/updmap/pdftex.map}]
\openout4 = `_27A21354321DFBC28F0CB17B995BB9CA.data.minted'.

runsystem(latexminted highlight  --timestamp 20260524165742 27A21354321DFBC28F0
CB17B995BB9CA)...executed safely (allowed).


(./_minted/1411A7291148CDD071C689E119670973.highlight.minted)
\openout4 = `_27A21354321DFBC28F0CB17B995BB9CA.data.minted'.

runsystem(latexminted highlight  --timestamp 20260524165742 27A21354321DFBC28F0
CB17B995BB9CA)...executed safely (allowed).


(./_minted/9FF8EA28DC3838004B9B1AB9AAEA5F20.highlight.minted)
\openout4 = `_27A21354321DFBC28F0CB17B995BB9CA.data.minted'.

runsystem(latexminted highlight  --timestamp 20260524165742 27A21354321DFBC28F0
CB17B995BB9CA)...executed safely (allowed).


(./_minted/288E607552C2B87893EDEC92DFA37FF1.highlight.minted)
\openout4 = `_27A21354321DFBC28F0CB17B995BB9CA.data.minted'.

runsystem(latexminted highlight  --timestamp 20260524165742 27A21354321DFBC28F0
CB17B995BB9CA)...executed safely (allowed).


(./_minted/09AF7B483896DEB47B465C470119E3DF.highlight.minted)

LaTeX Warning: Citation `atkey2009unembedding' on page 2 undefined on input lin
e 78.

[2]
\openout4 = `_27A21354321DFBC28F0CB17B995BB9CA.data.minted'.

runsystem(latexminted highlight  --timestamp 20260524165742 27A21354321DFBC28F0
CB17B995BB9CA)...executed safely (allowed).

 (./_minted/385189EA388B0C77C97FD5BB9EC9F055.highlight.minted)
\openout4 = `_27A21354321DFBC28F0CB17B995BB9CA.data.minted'.

runsystem(latexminted highlight  --timestamp 20260524165742 27A21354321DFBC28F0
CB17B995BB9CA)...executed safely (allowed).


(./_minted/9BE53641BA90733D2DE0040BA5324140.highlight.minted)
\openout4 = `_27A21354321DFBC28F0CB17B995BB9CA.data.minted'.

runsystem(latexminted highlight  --timestamp 20260524165742 27A21354321DFBC28F0
CB17B995BB9CA)...executed safely (allowed).


(./_minted/4A209BE9FE6A409C2B35D351A254E45E.highlight.minted)
\openout4 = `_27A21354321DFBC28F0CB17B995BB9CA.data.minted'.

runsystem(latexminted highlight  --timestamp 20260524165742 27A21354321DFBC28F0
CB17B995BB9CA)...executed safely (allowed).


(./_minted/9618EA3C51ABBDDDE38CC779318F5CD2.highlight.minted)
Overfull \hbox (12.81104pt too wide) in paragraph at lines 81--82
\OT1/cmr/m/n/10 (\OML/cmm/m/it/10 ^^Ux:x \OT1/cmr/m/n/10 (\OML/cmm/m/it/10 ^^Uf
:x\OT1/cmr/m/n/10 ))$ would be rep-re-sented as []
 []


LaTeX Warning: Citation `HOAS' on page 3 undefined on input line 87.

! FancyVerb Error:
  Extraneous input `ata Lam = App Lam Lam' between \begin{minted}[<key=value>] 
and line end
.
\FV@Error ... {FancyVerb Error:
\space \space #1
}
                                                  
l.92 		data Lam = App Lam Lam
                             
This input will be discarded. Hit <return> to continue.

\openout4 = `_27A21354321DFBC28F0CB17B995BB9CA.data.minted'.

runsystem(latexminted highlight  --timestamp 20260524165742 27A21354321DFBC28F0
CB17B995BB9CA)...executed safely (allowed).

(./_minted/6BBF58D91F3E7B77EBCEF5F1775B0713.highlight.minted)
! Undefined control sequence.
l.121 \denis
            {yes fine, but be brief. Not 3 pages. Use it as a step up to exp...
The control sequence at the end of the top line
of your error message was never \def'ed. If you have
misspelled it (e.g., `\hobx'), type `I' and the correct
spelling (e.g., `I\hbox'). Otherwise just continue,
and I'll forget about whatever was undefined.

[3] [4]
\openout4 = `_27A21354321DFBC28F0CB17B995BB9CA.data.minted'.

runsystem(latexminted clean  --timestamp 20260524165742 27A21354321DFBC28F0CB17
B995BB9CA)...executed safely (allowed).

 (./offline.aux)
 ***********
LaTeX2e <2025-11-01>
L3 programming layer <2026-03-20>
 ***********


LaTeX Warning: There were undefined references.


LaTeX Warning: Label(s) may have changed. Rerun to get cross-references right.

 )
(\end occurred when \ifx on line 92 was incomplete)
(\end occurred when \ifx on line 31 was incomplete) 
Here is how much of TeX's memory you used:
 7034 strings out of 467349
 170890 string characters out of 5419863
 699247 words of memory out of 5000000
 36043 multiletter control sequences out of 15000+600000
 632144 words of font info for 55 fonts, out of 8000000 for 9000
 1141 hyphenation exceptions out of 8191
 86i,9n,93p,1200b,726s stack positions out of 10000i,1000n,20000p,200000b,200000s
<c:/texlive/2026/texmf-dist/
fonts/type1/public/amsfonts/cm/cmbx10.pfb><c:/texlive/2026/texmf-dist/fonts/typ
e1/public/amsfonts/cm/cmbx12.pfb><c:/texlive/2026/texmf-dist/fonts/type1/public
/amsfonts/cm/cmmi10.pfb><c:/texlive/2026/texmf-dist/fonts/type1/public/amsfonts
/cm/cmr10.pfb><c:/texlive/2026/texmf-dist/fonts/type1/public/amsfonts/cm/cmr12.
pfb><c:/texlive/2026/texmf-dist/fonts/type1/public/amsfonts/cm/cmtt10.pfb>
Output written on offline.pdf (4 pages, 93289 bytes).
PDF statistics:
 47 PDF objects out of 1000 (max. 8388607)
 28 compressed objects within 1 object stream
 0 named destinations out of 1000 (max. 500000)
 1 words of extra memory for PDF output out of 10000 (max. 10000000)

